// Jest Snapshot v1, https://goo.gl/fbAQLP

exports[`Tests for BackButton component Renders correctly 1`] = `
<View>
  <View
    accessible={true}
    collapsable={false}
    focusable={true}
    onBlur={[Function]}
    onClick={[Function]}
    onFocus={[Function]}
    onResponderGrant={[Function]}
    onResponderMove={[Function]}
    onResponderRelease={[Function]}
    onResponderTerminate={[Function]}
    onResponderTerminationRequest={[Function]}
    onStartShouldSetResponder={[Function]}
    style={
      Array [
        Object {
          "backgroundColor": "#377888",
          "width": 50,
        },
        Object {},
      ]
    }
  >
    <Text>
      Back
    </Text>
  </View>
</View>
`;
