// Jest Snapshot v1, https://goo.gl/fbAQLP

exports[`Tests for CartItem component. Renders correctly 1`] = `
<View
  style={
    Object {
      "alignItems": "center",
      "flexDirection": "row",
      "justifyContent": "center",
      "margin": 20,
    }
  }
>
  <View
    style={
      Object {
        "alignItems": "center",
        "flex": 1,
        "flexDirection": "row",
        "justifyContent": "flex-start",
      }
    }
  >
    <View
      accessible={true}
      collapsable={false}
      focusable={true}
      onBlur={[Function]}
      onClick={[Function]}
      onFocus={[Function]}
      onResponderGrant={[Function]}
      onResponderMove={[Function]}
      onResponderRelease={[Function]}
      onResponderTerminate={[Function]}
      onResponderTerminationRequest={[Function]}
      onStartShouldSetResponder={[Function]}
      style={
        Array [
          Object {
            "alignItems": "center",
            "backgroundColor": "#05111B",
            "borderRadius": 15,
            "height": 30,
            "justifyContent": "center",
            "marginHorizontal": 15,
            "transform": Array [
              Object {
                "scaleX": 1.5,
              },
            ],
            "width": 30,
          },
          Object {},
        ]
      }
    >
      <Text
        style={
          Object {
            "color": "#DBDDDF",
          }
        }
      >
        +
      </Text>
    </View>
    <Text>
      2
    </Text>
    <View
      accessible={true}
      collapsable={false}
      focusable={true}
      onBlur={[Function]}
      onClick={[Function]}
      onFocus={[Function]}
      onResponderGrant={[Function]}
      onResponderMove={[Function]}
      onResponderRelease={[Function]}
      onResponderTerminate={[Function]}
      onResponderTerminationRequest={[Function]}
      onStartShouldSetResponder={[Function]}
      style={
        Array [
          Object {
            "alignItems": "center",
            "backgroundColor": "#05111B",
            "borderRadius": 15,
            "height": 30,
            "justifyContent": "center",
            "marginHorizontal": 15,
            "transform": Array [
              Object {
                "scaleX": 1.5,
              },
            ],
            "width": 30,
          },
          Object {},
        ]
      }
    >
      <Text
        style={
          Object {
            "color": "#DBDDDF",
          }
        }
      >
        -
      </Text>
    </View>
  </View>
  <View
    style={
      Object {
        "alignItems": "flex-end",
        "flex": 1,
        "justifyContent": "center",
      }
    }
  >
    <Text>
      snack
    </Text>
  </View>
</View>
`;
